Thu, 20 Aug 2015 14:09:40 log.py[line:9] DEBUG debug message
Thu, 20 Aug 2015 14:09:40 log.py[line:10] INFO info message
